<?xml version="1.0" encoding="utf-8"?><testsuites name="pytest tests"><testsuite name="pytest" errors="0" failures="0" skipped="0" tests="276" time="287.430" timestamp="2026-10-09T15:45:14.120651+00:00" hostname="devbox"><testcase classname="tests.test_alerter.TestAlertRateLimiter" name="test_rate_limiter_creation" time="0.002" /><testcase classname="tests.test_alerter.TestAlertRateLimiter" name="test_first_alert_always_sent" time="0.001" /><testcase classname="tests.test_alerter.TestAlertRateLimiter" name="test_rate_limiting_within_cooldown" time="0.001" /><testcase classname="tests.test_alerter.TestAlertRateLimiter" name="test_rate_limiting_after_cooldown" time="0.001" /><testcase classname="tests.test_alerter.TestAlertRateLimiter" name="test_custom_cooldown" time="0.001" /><testcase classname="tests.test_alerter.TestAlertRateLimiter" name="test_different_keys_independent" time="0.001" /><testcase classname="tests.test_alerter.TestAlertRateLimiter" name="test_clear_cache" time="0.001" /><testcase classname="tests.test_alerter.TestAlerter" name="test_alerter_creation" time="0.001" /><testcase classname="tests.test_alerter.TestAlerter" name="test_alerter_custom_rate_limit" time="0.001" /><testcase classname="tests.test_alerter.TestAlerter" name="test_get_alert_key" time="0.001" /><testcase classname="tests.test_alerter.TestAlerter" name="test_get_status_color_pass" time="0.001" /><testcase classname="tests.test_alerter.TestAlerter" name="test_get_status_color_warn" time="0.001" /><testcase classname="tests.test_alerter.TestAlerter" name="test_get_status_color_fail" time="0.001" /><testcase classname="tests.test_alerter.TestAlerter" name="test_get_status_color_unknown" time="0.001" /><testcase classname="tests.test_alerter.TestAlerter" name="test_get_status_emoji_pass" time="0.001" /><testcase classname="tests.test_alerter.TestAlerter" name="test_get_status_emoji_warn" time="0.001" /><testcase classname="tests.test_alerter.TestAlerter" name="test_get_status_emoji_fail" time="0.001" /><testcase classname="tests.test_alerter.TestAlerter" name="test_format_discord_embed_pass" time="0.001" /><testcase classname="tests.test_alerter.TestAlerter" name="test_format_discord_embed_fail" time="0.001" /><testcase classname="tests.test_alerter.TestAlerter" name="test_format_discord_embed_with_store_url" time="0.001" /><testcase classname="tests.test_alerter.TestAlerter" name="test_format_slack_blocks_pass" time="0.001" /><testcase classname="tests.test_alerter.TestAlerter" name="test_format_slack_blocks_fail" time="0.001" /><testcase classname="tests.test_alerter.TestAlerter" name="test_format_slack_blocks_with_store_url" time="0.001" /><testcase classname="tests.test_alerter.TestAlerter" name="test_format_stdout" time="0.001" /><testcase classname="tests.test_alerter.TestAlerter" name="test_format_stdout_fail" time="0.001" /><testcase classname="tests.test_alerter.TestAlerter" name="test_send_alert_stdout" time="0.003" /><testcase classname="tests.test_alerter.TestAlerter" name="test_send_alert_discord_success" time="0.045" /><testcase classname="tests.test_alerter.TestAlerter" name="test_send_alert_discord_failure" time="0.038" /><testcase classname="tests.test_alerter.TestAlerter" name="test_send_alert_discord_no_url" time="0.002" /><testcase classname="tests.test_alerter.TestAlerter" name="test_send_alert_slack_success" time="0.037" /><testcase classname="tests.test_alerter.TestAlerter" name="test_send_alert_slack_failure" time="0.038" /><testcase classname="tests.test_alerter.TestAlerter" name="test_send_alert_slack_no_url" time="0.002" /><testcase classname="tests.test_alerter.TestAlerter" name="test_send_alert_rate_limiting" time="0.002" /><testcase classname="tests.test_alerter.TestAlerter" name="test_send_alert_rate_limiting_different_status" time="0.002" /><testcase classname="tests.test_alerter.TestAlerter" name="test_send_alert_rate_limiting_disabled" time="0.002" /><testcase classname="tests.test_alerter.TestAlerter" name="test_send_alert_exception_handling" time="0.043" /><testcase classname="tests.test_alerter.TestAlerter" name="test_context_manager" time="0.046" /><testcase classname="tests.test_alerter.TestAlerter" name="test_send_alert_without_context_manager" time="0.004" /><testcase classname="tests.test_cart_browser_integration" name="test_real_browser_cart_journey_and_shared_session[valid-nonempty-auto_open_drawer]" time="14.609" /><testcase classname="tests.test_cart_browser_integration" name="test_real_browser_cart_journey_and_shared_session[http_error-failed-auto_open_drawer]" time="13.663" /><testcase classname="tests.test_cart_browser_integration" name="test_real_browser_cart_journey_and_shared_session[api_only-nonempty-api_only_fallback]" time="15.773" /><testcase classname="tests.test_cart_drawer_regressions" name="test_drawer_count_paths[auto_zero-WARN-auto_open_drawer-0]" time="8.886" /><testcase classname="tests.test_cart_drawer_regressions" name="test_drawer_count_paths[opened_zero-WARN-shopper_opened_drawer-0]" time="11.303" /><testcase classname="tests.test_cart_drawer_regressions" name="test_drawer_count_paths[opened_valid-PASS-shopper_opened_drawer-1]" time="15.995" /><testcase classname="tests.test_cart_drawer_regressions" name="test_drawer_count_paths[aria_count-PASS-auto_open_drawer-2]" time="13.783" /><testcase classname="tests.test_cart_drawer_regressions" name="test_zero_header_with_product_desc_sentence_and_opener_aria_yields_warn" time="8.591" /><testcase classname="tests.test_cart_drawer_regressions" name="test_promo_text_ignored_and_explicit_zero_header_yields_zero_and_warn" time="8.614" /><testcase classname="tests.test_cart_drawer_regressions" name="test_drawer_inner_text_failure_falls_back_to_aria_label" time="13.708" /><testcase classname="tests.test_cart_drawer_regressions" name="test_retains_cart_evidence_when_late_checkout_exception_occurs" time="13.578" /><testcase classname="tests.test_cart_drawer_regressions" name="test_drawer_ignores_price_formats_currencies_floats_and_negatives[CART (10,00 EUR)]" time="8.978" /><testcase classname="tests.test_cart_drawer_regressions" name="test_drawer_ignores_price_formats_currencies_floats_and_negatives[BAG: 10,00]" time="8.687" /><testcase classname="tests.test_cart_drawer_regressions" name="test_drawer_ignores_price_formats_currencies_floats_and_negatives[CART (10 USD)]" time="8.718" /><testcase classname="tests.test_cart_drawer_regressions" name="test_drawer_ignores_price_formats_currencies_floats_and_negatives[-2 ITEMS]" time="8.794" /><testcase classname="tests.test_cart_drawer_regressions" name="test_drawer_ignores_price_formats_currencies_floats_and_negatives[2,5 ITEMS]" time="8.851" /><testcase classname="tests.test_cart_drawer_regressions" name="test_drawer_ignores_price_formats_currencies_floats_and_negatives[CART (1-2 ITEMS)]" time="8.592" /><testcase classname="tests.test_cart_drawer_regressions" name="test_drawer_ignores_price_formats_currencies_floats_and_negatives[CART (10 JPY)]" time="8.626" /><testcase classname="tests.test_cart_drawer_regressions" name="test_drawer_ignores_price_formats_currencies_floats_and_negatives[CART (2abc)]" time="8.730" /><testcase classname="tests.test_cart_drawer_regressions" name="test_drawer_ignores_price_formats_currencies_floats_and_negatives[Pack of 2 items]" time="8.665" /><testcase classname="tests.test_cart_drawer_regressions" name="test_retains_cart_evidence_and_sanitizes_logs_on_late_python_checkout_exception" time="8.587" /><testcase classname="tests.test_cart_evidence" name="test_cart_counts_preserve_distinct_lines_and_only_safe_fields" time="0.001" /><testcase classname="tests.test_cart_evidence" name="test_invalid_cart_payload_fails_closed[payload0]" time="0.001" /><testcase classname="tests.test_cart_evidence" name="test_invalid_cart_payload_fails_closed[payload1]" time="0.001" /><testcase classname="tests.test_cart_evidence" name="test_invalid_cart_payload_fails_closed[payload2]" time="0.001" /><testcase classname="tests.test_cart_evidence" name="test_invalid_cart_payload_fails_closed[payload3]" time="0.001" /><testcase classname="tests.test_cart_evidence" name="test_cart_payload_rejects_nested_identifier_and_text_fields[key-value0]" time="0.001" /><testcase classname="tests.test_cart_evidence" name="test_cart_payload_rejects_nested_identifier_and_text_fields[variant_id-value1]" time="0.001" /><testcase classname="tests.test_cart_evidence" name="test_cart_payload_rejects_nested_identifier_and_text_fields[product_id-value2]" time="0.001" /><testcase classname="tests.test_cart_evidence" name="test_cart_payload_rejects_nested_identifier_and_text_fields[product_title-value3]" time="0.001" /><testcase classname="tests.test_cart_evidence" name="test_cart_payload_rejects_nested_identifier_and_text_fields[variant_title-value4]" time="0.001" /><testcase classname="tests.test_cart_evidence" name="test_cart_payload_rejects_nested_identifier_and_text_fields[handle-value5]" time="0.001" /><testcase classname="tests.test_cart_evidence" name="test_cart_payload_rejects_nested_identifier_and_text_fields[selling_plan_id-value6]" time="0.001" /><testcase classname="tests.test_cart_evidence" name="test_collector_uses_locale_root_once_and_disposes_response" time="0.002" /><testcase classname="tests.test_cart_evidence" name="test_cart_root_rejects_cross_origin_and_traversal" time="0.002" /><testcase classname="tests.test_cart_evidence" name="test_cart_root_rejects_encoded_and_backslash_traversal[/fr/%2e%2e/]" time="0.002" /><testcase classname="tests.test_cart_evidence" name="test_cart_root_rejects_encoded_and_backslash_traversal[/fr/%2E%2E/]" time="0.002" /><testcase classname="tests.test_cart_evidence" name="test_cart_root_rejects_encoded_and_backslash_traversal[/fr\\..\\evil/]" time="0.002" /><testcase classname="tests.test_cart_evidence" name="test_cart_root_rejects_encoded_and_backslash_traversal[/fr/%5c..%5c/]" time="0.002" /><testcase classname="tests.test_cart_evidence" name="test_cart_root_rejects_encoded_and_backslash_traversal[/fr/%252e%252e/]" time="0.002" /><testcase classname="tests.test_cart_evidence" name="test_cart_root_rejects_encoded_and_backslash_traversal[/fr/%0a/]" time="0.002" /><testcase classname="tests.test_cart_evidence" name="test_cart_root_rejects_encoded_and_backslash_traversal[/fr/%0d/]" time="0.002" /><testcase classname="tests.test_cart_evidence" name="test_cart_root_rejects_control_characters_and_invalid_types" time="0.002" /><testcase classname="tests.test_cart_evidence" name="test_cart_root_allows_safe_encoded_paths_and_rejects_different_origin" time="0.002" /><testcase classname="tests.test_cart_evidence" name="test_cart_payload_rejects_invalid_field_types_and_non_positive_ids[variant_id-None]" time="0.001" /><testcase classname="tests.test_cart_evidence" name="test_cart_payload_rejects_invalid_field_types_and_non_positive_ids[variant_id-12345]" time="0.001" /><testcase classname="tests.test_cart_evidence" name="test_cart_payload_rejects_invalid_field_types_and_non_positive_ids[variant_id-0]" time="0.001" /><testcase classname="tests.test_cart_evidence" name="test_cart_payload_rejects_invalid_field_types_and_non_positive_ids[variant_id--1]" time="0.001" /><testcase classname="tests.test_cart_evidence" name="test_cart_payload_rejects_invalid_field_types_and_non_positive_ids[variant_id-12.34]" time="0.001" /><testcase classname="tests.test_cart_evidence" name="test_cart_payload_rejects_invalid_field_types_and_non_positive_ids[product_id-None]" time="0.001" /><testcase classname="tests.test_cart_evidence" name="test_cart_payload_rejects_invalid_field_types_and_non_positive_ids[product_id-12345]" time="0.001" /><testcase classname="tests.test_cart_evidence" name="test_cart_payload_rejects_invalid_field_types_and_non_positive_ids[product_id-0]" time="0.001" /><testcase classname="tests.test_cart_evidence" name="test_cart_payload_rejects_invalid_field_types_and_non_positive_ids[product_id--1]" time="0.001" /><testcase classname="tests.test_cart_evidence" name="test_cart_payload_rejects_invalid_field_types_and_non_positive_ids[product_id-12.34]" time="0.001" /><testcase classname="tests.test_cart_evidence" name="test_cart_payload_rejects_invalid_field_types_and_non_positive_ids[selling_plan_id-12345]" time="0.001" /><testcase classname="tests.test_cart_evidence" name="test_cart_payload_rejects_invalid_field_types_and_non_positive_ids[selling_plan_id-0]" time="0.001" /><testcase classname="tests.test_cart_evidence" name="test_cart_payload_rejects_invalid_field_types_and_non_positive_ids[selling_plan_id--1]" time="0.001" /><testcase classname="tests.test_cart_evidence" name="test_cart_payload_rejects_invalid_field_types_and_non_positive_ids[selling_plan_id-12.34]" time="0.001" /><testcase classname="tests.test_cart_evidence" name="test_cart_payload_rejects_invalid_field_types_and_non_positive_ids[product_title-123]" time="0.001" /><testcase classname="tests.test_cart_evidence" name="test_cart_payload_rejects_invalid_field_types_and_non_positive_ids[variant_title-456]" time="0.001" /><testcase classname="tests.test_cart_evidence" name="test_cart_payload_rejects_invalid_field_types_and_non_positive_ids[handle-789]" time="0.001" /><testcase classname="tests.test_cart_evidence" name="test_cart_payload_rejects_invalid_field_types_and_non_positive_ids[key-101112]" time="0.001" /><testcase classname="tests.test_cart_evidence" name="test_collector_logging_never_leaks_secrets" time="0.002" /><testcase classname="tests.test_cart_evidence" name="test_failed_collection_is_attempted_once_and_reportable[503-payload0-False]" time="0.002" /><testcase classname="tests.test_cart_evidence" name="test_failed_collection_is_attempted_once_and_reportable[200-payload1-False]" time="0.002" /><testcase classname="tests.test_cart_evidence" name="test_failed_collection_is_attempted_once_and_reportable[200-payload2-False]" time="0.002" /><testcase classname="tests.test_cart_evidence" name="test_failed_collection_is_attempted_once_and_reportable[200-payload3-True]" time="0.002" /><testcase classname="tests.test_cart_evidence" name="test_http_error_fixture_records_real_503_status" time="0.002" /><testcase classname="tests.test_cart_evidence" name="test_collector_never_copies_exception_code_into_evidence_metadata" time="0.002" /><testcase classname="tests.test_cart_evidence" name="test_markdown_displays_each_cart_evidence_state[not_attempted]" time="0.001" /><testcase classname="tests.test_cart_evidence" name="test_markdown_displays_each_cart_evidence_state[failed]" time="0.001" /><testcase classname="tests.test_cart_evidence" name="test_markdown_displays_each_cart_evidence_state[empty]" time="0.001" /><testcase classname="tests.test_cart_evidence" name="test_markdown_displays_each_cart_evidence_state[nonempty]" time="0.001" /><testcase classname="tests.test_cart_evidence" name="test_checkout_path_session_identifier_is_redacted" time="0.001" /><testcase classname="tests.test_cli" name="test_cli_help" time="0.004" /><testcase classname="tests.test_cli" name="test_cli_invocation" time="0.002" /><testcase classname="tests.test_cli" name="test_cli_report_dir_flag" time="0.002" /><testcase classname="tests.test_cli" name="test_audit_command_help" time="0.002" /><testcase classname="tests.test_cli" name="test_audit_command_requires_url" time="0.023" /><testcase classname="tests.test_cli" name="test_watch_command_help" time="0.002" /><testcase classname="tests.test_cli" name="test_baseline_update_help" time="0.002" /><testcase classname="tests.test_cli" name="test_report_show_with_path" time="0.007" /><testcase classname="tests.test_cli_local_fixture_integration" name="test_cli_audit_runs_real_browser_shopper_and_writes_sanitized_reports" time="23.270" /><testcase classname="tests.test_config" name="test_settings_creation" time="0.004" /><testcase classname="tests.test_config" name="test_settings_defaults" time="0.003" /><testcase classname="tests.test_config" name="test_settings_url_normalization" time="0.003" /><testcase classname="tests.test_core.TestSkillResult" name="test_skill_result_creation" time="0.001" /><testcase classname="tests.test_core.TestSkillResult" name="test_skill_result_with_details" time="0.001" /><testcase classname="tests.test_core.TestSkillResult" name="test_skill_result_with_screenshots" time="0.001" /><testcase classname="tests.test_core.TestSkillResult" name="test_skill_result_with_error" time="0.001" /><testcase classname="tests.test_core.TestSkillResult" name="test_skill_result_to_dict" time="0.001" /><testcase classname="tests.test_core.TestSkillResult" name="test_skill_result_default_timestamp" time="0.001" /><testcase classname="tests.test_core.TestAgent" name="test_agent_creation" time="0.001" /><testcase classname="tests.test_core.TestAgent" name="test_register_skill" time="0.001" /><testcase classname="tests.test_core.TestAgent" name="test_register_multiple_skills" time="0.001" /><testcase classname="tests.test_core.TestAgent" name="test_unregister_skill" time="0.001" /><testcase classname="tests.test_core.TestAgent" name="test_unregister_nonexistent_skill" time="0.001" /><testcase classname="tests.test_core.TestAgent" name="test_execute_skills_single" time="0.002" /><testcase classname="tests.test_core.TestAgent" name="test_execute_skills_multiple" time="0.002" /><testcase classname="tests.test_core.TestAgent" name="test_execute_skills_with_context" time="0.002" /><testcase classname="tests.test_core.TestAgent" name="test_execute_specific_skills" time="0.002" /><testcase classname="tests.test_core.TestAgent" name="test_execute_nonexistent_skill" time="0.002" /><testcase classname="tests.test_core.TestAgent" name="test_execute_skill_with_exception" time="0.003" /><testcase classname="tests.test_core.TestAgent" name="test_execute_skills_clears_previous_results" time="0.002" /><testcase classname="tests.test_core.TestAgent" name="test_get_result_summary_empty" time="0.001" /><testcase classname="tests.test_core.TestAgent" name="test_get_result_summary_with_results" time="0.002" /><testcase classname="tests.test_core.TestAgent" name="test_get_result_summary_dict_format" time="0.002" /><testcase classname="tests.test_core.TestMockSkill" name="test_mock_skill_name" time="0.002" /><testcase classname="tests.test_core.TestMockSkill" name="test_mock_skill_run" time="0.002" /><testcase classname="tests.test_core.TestMockSkill" name="test_mock_skill_run_count" time="0.002" /><testcase classname="tests.test_core.TestMockSkill" name="test_mock_skill_failure" time="0.002" /><testcase classname="tests.test_diagnosis.TestFallbackDiagnosis" name="test_fallback_diagnosis_fail_status" time="0.001" /><testcase classname="tests.test_diagnosis.TestFallbackDiagnosis" name="test_fallback_diagnosis_warn_status" time="0.002" /><testcase classname="tests.test_diagnosis.TestFallbackDiagnosis" name="test_fallback_diagnosis_with_error" time="0.002" /><testcase classname="tests.test_diagnosis.TestFallbackDiagnosis" name="test_fallback_diagnosis_pixel_skill" time="0.002" /><testcase classname="tests.test_diagnosis.TestFallbackDiagnosis" name="test_fallback_diagnosis_checkout_skill" time="0.002" /><testcase classname="tests.test_diagnosis.TestUtilityFunctions" name="test_format_skill_result_for_llm" time="0.002" /><testcase classname="tests.test_diagnosis.TestUtilityFunctions" name="test_format_skill_result_without_error" time="0.001" /><testcase classname="tests.test_diagnosis.TestUtilityFunctions" name="test_is_vision_model_gpt4_turbo" time="0.001" /><testcase classname="tests.test_diagnosis.TestUtilityFunctions" name="test_is_vision_model_claude3" time="0.001" /><testcase classname="tests.test_diagnosis.TestUtilityFunctions" name="test_is_vision_model_non_vision" time="0.001" /><testcase classname="tests.test_diagnosis.TestUtilityFunctions" name="test_get_litellm_model_identifier_openai" time="0.001" /><testcase classname="tests.test_diagnosis.TestUtilityFunctions" name="test_get_litellm_model_identifier_anthropic" time="0.001" /><testcase classname="tests.test_diagnosis.TestUtilityFunctions" name="test_get_litellm_model_identifier_ollama" time="0.002" /><testcase classname="tests.test_diagnosis.TestDiagnoseFunction" name="test_diagnose_no_api_key_fallback" time="0.004" /><testcase classname="tests.test_diagnosis.TestDiagnoseFunction" name="test_diagnose_ollama_no_key_ok" time="0.006" /><testcase classname="tests.test_diagnosis.TestDiagnoseFunction" name="test_diagnose_with_llm_success" time="0.006" /><testcase classname="tests.test_diagnosis.TestDiagnoseFunction" name="test_diagnose_with_invalid_severity" time="0.008" /><testcase classname="tests.test_diagnosis.TestDiagnoseFunction" name="test_diagnose_with_json_parse_error" time="0.004" /><testcase classname="tests.test_diagnosis.TestDiagnoseFunction" name="test_diagnose_with_missing_fields" time="0.006" /><testcase classname="tests.test_diagnosis.TestDiagnoseFunction" name="test_diagnose_with_llm_exception" time="0.004" /><testcase classname="tests.test_diagnosis.TestDiagnoseFunction" name="test_diagnose_with_screenshots_vision_model" time="0.003" /><testcase classname="tests.test_diagnosis.TestDiagnoseFunction" name="test_diagnose_litellm_not_installed" time="0.005" /><testcase classname="tests.test_init" name="test_agent_init" time="0.001" /><testcase classname="tests.test_init" name="test_agent_exports" time="0.002" /><testcase classname="tests.test_init" name="test_config_init" time="0.001" /><testcase classname="tests.test_init" name="test_db_init" time="0.001" /><testcase classname="tests.test_init" name="test_main_init" time="0.001" /><testcase classname="tests.test_privacy" name="test_redactor_creation" time="0.001" /><testcase classname="tests.test_privacy" name="test_redact_email" time="0.001" /><testcase classname="tests.test_privacy" name="test_redaction_disabled" time="0.001" /><testcase classname="tests.test_privacy" name="test_redact_api_key" time="0.001" /><testcase classname="tests.test_privacy" name="test_redact_dict" time="0.001" /><testcase classname="tests.test_privacy" name="test_screenshot_blurrer_creation" time="0.001" /><testcase classname="tests.test_reporter" name="test_generate_report_basic" time="0.004" /><testcase classname="tests.test_reporter" name="test_generate_report_content" time="0.002" /><testcase classname="tests.test_reporter" name="test_generate_report_with_screenshots" time="0.003" /><testcase classname="tests.test_reporter" name="test_generate_report_with_ai_diagnosis" time="0.002" /><testcase classname="tests.test_reporter" name="test_generate_report_no_ai_diagnosis_when_not_configured" time="0.003" /><testcase classname="tests.test_reporter" name="test_generate_report_with_details" time="0.003" /><testcase classname="tests.test_reporter" name="test_generate_report_statistics" time="0.003" /><testcase classname="tests.test_reporter" name="test_generate_report_creates_directory" time="0.003" /><testcase classname="tests.test_shopify_variant_auditor" name="test_parse_price_cents_cases" time="0.004" /><testcase classname="tests.test_shopify_variant_auditor" name="test_canonical_filename_extraction" time="0.003" /><testcase classname="tests.test_shopify_variant_auditor" name="test_variant_auditor_pass_flow" time="5.638" /><testcase classname="tests.test_shopify_variant_auditor" name="test_inactive_swatch_button_ignored" time="4.142" /><testcase classname="tests.test_shopify_variant_auditor" name="test_price_container_with_strikethrough_sale_price" time="3.800" /><testcase classname="tests.test_shopify_variant_auditor" name="test_request_declares_102_cart_adds_101_returns_fail" time="4.071" /><testcase classname="tests.test_shopify_variant_auditor" name="test_8s_delayed_response_times_out_returns_warn" time="7.753" /><testcase classname="tests.test_shopify_variant_auditor" name="test_cli_default_skills_exclude_variant_auditor" time="0.003" /><testcase classname="tests.test_store.TestStoreInitialization" name="test_store_creation_in_memory" time="0.016" /><testcase classname="tests.test_store.TestStoreInitialization" name="test_store_creation_with_file" time="0.022" /><testcase classname="tests.test_store.TestStoreInitialization" name="test_check_runs_table_created" time="0.003" /><testcase classname="tests.test_store.TestStoreInitialization" name="test_baselines_table_created" time="0.002" /><testcase classname="tests.test_store.TestStoreInitialization" name="test_incidents_table_created" time="0.002" /><testcase classname="tests.test_store.TestStoreInitialization" name="test_check_runs_table_schema" time="0.002" /><testcase classname="tests.test_store.TestStoreInitialization" name="test_baselines_table_schema" time="0.002" /><testcase classname="tests.test_store.TestStoreInitialization" name="test_incidents_table_schema" time="0.003" /><testcase classname="tests.test_store.TestStoreInitialization" name="test_check_runs_index_created" time="0.003" /><testcase classname="tests.test_store.TestStoreInitialization" name="test_baselines_index_created" time="0.002" /><testcase classname="tests.test_store.TestStoreInitialization" name="test_incidents_index_created" time="0.003" /><testcase classname="tests.test_store.TestRecordCheck" name="test_record_check_basic" time="0.002" /><testcase classname="tests.test_store.TestRecordCheck" name="test_record_check_with_details" time="0.003" /><testcase classname="tests.test_store.TestRecordCheck" name="test_record_check_with_screenshots" time="0.002" /><testcase classname="tests.test_store.TestRecordCheck" name="test_record_check_with_error" time="0.003" /><testcase classname="tests.test_store.TestRecordCheck" name="test_record_check_multiple" time="0.003" /><testcase classname="tests.test_store.TestRecordCheck" name="test_record_check_timestamp_format" time="0.002" /><testcase classname="tests.test_store.TestGetLatestBaseline" name="test_get_latest_baseline_not_found" time="0.002" /><testcase classname="tests.test_store.TestGetLatestBaseline" name="test_get_latest_baseline_found" time="0.003" /><testcase classname="tests.test_store.TestGetLatestBaseline" name="test_get_latest_baseline_multiple_updates" time="0.003" /><testcase classname="tests.test_store.TestGetLatestBaseline" name="test_get_latest_baseline_different_skills" time="0.003" /><testcase classname="tests.test_store.TestGetLatestBaseline" name="test_get_latest_baseline_different_stores" time="0.003" /><testcase classname="tests.test_store.TestUpdateBaseline" name="test_update_baseline_new" time="0.003" /><testcase classname="tests.test_store.TestUpdateBaseline" name="test_update_baseline_existing" time="0.003" /><testcase classname="tests.test_store.TestUpdateBaseline" name="test_update_baseline_preserves_created_at" time="0.003" /><testcase classname="tests.test_store.TestUpdateBaseline" name="test_update_baseline_updates_timestamp" time="0.003" /><testcase classname="tests.test_store.TestCreateIncident" name="test_create_incident_basic" time="0.002" /><testcase classname="tests.test_store.TestCreateIncident" name="test_create_incident_with_details" time="0.003" /><testcase classname="tests.test_store.TestCreateIncident" name="test_create_incident_default_status" time="0.003" /><testcase classname="tests.test_store.TestCreateIncident" name="test_create_incident_no_resolved_at" time="0.002" /><testcase classname="tests.test_store.TestCreateIncident" name="test_create_incident_has_created_at" time="0.003" /><testcase classname="tests.test_store.TestCreateIncident" name="test_create_multiple_incidents" time="0.003" /><testcase classname="tests.test_store.TestResolveIncident" name="test_resolve_incident" time="0.003" /><testcase classname="tests.test_store.TestResolveIncident" name="test_resolve_incident_timestamp" time="0.003" /><testcase classname="tests.test_store.TestGetOpenIncidents" name="test_get_open_incidents_empty" time="0.002" /><testcase classname="tests.test_store.TestGetOpenIncidents" name="test_get_open_incidents_all" time="0.003" /><testcase classname="tests.test_store.TestGetOpenIncidents" name="test_get_open_incidents_excludes_resolved" time="0.003" /><testcase classname="tests.test_store.TestGetOpenIncidents" name="test_get_open_incidents_by_store" time="0.003" /><testcase classname="tests.test_store.TestGetOpenIncidents" name="test_get_open_incidents_ordered_by_created_at" time="0.003" /><testcase classname="tests.test_store.TestGetRecentCheckRuns" name="test_get_recent_check_runs_empty" time="0.002" /><testcase classname="tests.test_store.TestGetRecentCheckRuns" name="test_get_recent_check_runs_default_limit" time="0.004" /><testcase classname="tests.test_store.TestGetRecentCheckRuns" name="test_get_recent_check_runs_custom_limit" time="0.004" /><testcase classname="tests.test_store.TestGetRecentCheckRuns" name="test_get_recent_check_runs_filtered_by_store" time="0.003" /><testcase classname="tests.test_store.TestGetRecentCheckRuns" name="test_get_recent_check_runs_ordered_by_timestamp" time="0.003" /><testcase classname="tests.test_trigger.TestIntervalTrigger" name="test_interval_trigger_creation" time="0.001" /><testcase classname="tests.test_trigger.TestIntervalTrigger" name="test_should_trigger_first_time" time="0.001" /><testcase classname="tests.test_trigger.TestIntervalTrigger" name="test_should_trigger_within_interval" time="0.001" /><testcase classname="tests.test_trigger.TestIntervalTrigger" name="test_should_trigger_after_interval" time="0.001" /><testcase classname="tests.test_trigger.TestIntervalTrigger" name="test_mark_triggered" time="0.001" /><testcase classname="tests.test_trigger.TestIntervalTrigger" name="test_mark_triggered_updates_timestamp" time="0.001" /><testcase classname="tests.test_trigger.TestIntervalTrigger" name="test_wait_until_next_first_time" time="0.002" /><testcase classname="tests.test_trigger.TestIntervalTrigger" name="test_wait_until_next_waits" time="2.005" /><testcase classname="tests.test_trigger.TestIntervalTrigger" name="test_wait_until_next_already_past" time="0.002" /><testcase classname="tests.test_trigger.TestWebhookTrigger" name="test_webhook_trigger_creation" time="0.001" /><testcase classname="tests.test_trigger.TestWebhookTrigger" name="test_webhook_trigger_default_port" time="0.001" /><testcase classname="tests.test_trigger.TestWebhookTrigger" name="test_register_handler" time="0.001" /><testcase classname="tests.test_trigger.TestWebhookTrigger" name="test_register_multiple_handlers" time="0.001" /><testcase classname="tests.test_trigger.TestWebhookTrigger" name="test_normalize_github_deployment" time="0.001" /><testcase classname="tests.test_trigger.TestWebhookTrigger" name="test_normalize_github_deployment_missing_fields" time="0.001" /><testcase classname="tests.test_trigger.TestWebhookTrigger" name="test_receive_webhook" time="0.002" /><testcase classname="tests.test_trigger.TestWebhookTrigger" name="test_receive_webhook_calls_handlers" time="0.002" /><testcase classname="tests.test_trigger.TestWebhookTrigger" name="test_receive_webhook_multiple_handlers" time="0.001" /><testcase classname="tests.test_trigger.TestWebhookTrigger" name="test_receive_webhook_handler_exception" time="0.002" /><testcase classname="tests.test_trigger.TestWebhookTrigger" name="test_has_pending_events_false" time="0.001" /><testcase classname="tests.test_trigger.TestWebhookTrigger" name="test_has_pending_events_true" time="0.001" /><testcase classname="tests.test_trigger.TestWebhookTrigger" name="test_pop_event_empty" time="0.001" /><testcase classname="tests.test_trigger.TestWebhookTrigger" name="test_pop_event" time="0.002" /><testcase classname="tests.test_trigger.TestWebhookTrigger" name="test_pop_event_order" time="0.002" /><testcase classname="tests.test_trigger.TestTriggerManager" name="test_trigger_manager_creation" time="0.001" /><testcase classname="tests.test_trigger.TestTriggerManager" name="test_add_interval_trigger_first_time" time="0.001" /><testcase classname="tests.test_trigger.TestTriggerManager" name="test_add_interval_trigger_not_ready" time="0.001" /><testcase classname="tests.test_trigger.TestTriggerManager" name="test_add_interval_trigger_ready_after_interval" time="0.001" /><testcase classname="tests.test_trigger.TestTriggerManager" name="test_add_webhook_event_no_events" time="0.002" /><testcase classname="tests.test_trigger.TestTriggerManager" name="test_add_webhook_event_with_pending" time="0.002" /><testcase classname="tests.test_trigger.TestTriggerManager" name="test_wait_for_trigger_interval" time="0.002" /><testcase classname="tests.test_trigger.TestTriggerManager" name="test_wait_for_trigger_webhook_priority" time="0.002" /><testcase classname="tests.test_trigger.TestTriggerManager" name="test_wait_for_trigger_queue_empty_waits" time="2.005" /><testcase classname="tests.test_trigger.TestTriggerManager" name="test_wait_for_trigger_fallback" time="0.004" /></testsuite></testsuites>